Archive member included to satisfy reference by file (symbol)

/usr/lib/gcc/avr/7.2.0/avr25/libgcc.a(_udivmodqi4.o)
                              NarsilM.o (__udivmodqi4)
/usr/lib/gcc/avr/7.2.0/avr25/libgcc.a(_udivmodhi4.o)
                              NarsilM.o (__udivmodhi4)
/usr/lib/gcc/avr/7.2.0/avr25/libgcc.a(_divmodhi4.o)
                              NarsilM.o (__divmodhi4)
/usr/lib/gcc/avr/7.2.0/avr25/libgcc.a(_exit.o)
                              /usr/lib/gcc/avr/7.2.0/../../../../avr/lib/avr25/crtattiny85.o (exit)
/usr/lib/gcc/avr/7.2.0/avr25/libgcc.a(_copy_data.o)
                              NarsilM.o (__do_copy_data)
/usr/lib/gcc/avr/7.2.0/avr25/libgcc.a(_clear_bss.o)
                              NarsilM.o (__do_clear_bss)
/usr/lib/gcc/avr/7.2.0/../../../../avr/lib/avr25/libattiny85.a(eerd_byte.o)
                              NarsilM.o (eeprom_read_byte)

Allocating common symbols
Common symbol       size              file

config2             0x1               NarsilM.o
currOutLvl2         0x1               NarsilM.o
stepdownMode        0x1               NarsilM.o
highToLow           0x1               NarsilM.o
ramping             0x1               NarsilM.o
byFETModes          0xa               NarsilM.o
by7135Modes         0xa               NarsilM.o
modesCnt            0x1               NarsilM.o
bvldLedOnly         0x1               NarsilM.o
currOutLvl1         0x1               NarsilM.o
outLevel            0x1               NarsilM.o
blinkyMode          0x1               NarsilM.o
rampPauseCntDn      0x1               NarsilM.o
by7135sModes        0xa               NarsilM.o
locatorLed          0x1               NarsilM.o
last_modeIdx        0x1               NarsilM.o
config3             0x1               NarsilM.o
byStartupDelayTime  0x1               NarsilM.o
onboardLedEnable    0x1               NarsilM.o
modeSetIdx          0x1               NarsilM.o
config1             0x1               NarsilM.o
locatorLedOn        0x1               NarsilM.o
modeMemoryEnabled   0x1               NarsilM.o
moonlightLevel      0x1               NarsilM.o
moonLightEnable     0x1               NarsilM.o
currOutLvl3         0x1               NarsilM.o
specModeIdx         0x1               NarsilM.o

Discarded input sections

 .data          0x0000000000000000        0x0 /usr/lib/gcc/avr/7.2.0/../../../../avr/lib/avr25/crtattiny85.o
 .bss           0x0000000000000000        0x0 /usr/lib/gcc/avr/7.2.0/../../../../avr/lib/avr25/crtattiny85.o
 .text          0x0000000000000000        0x0 NarsilM.o
 .data          0x0000000000000000        0x0 NarsilM.o
 .bss           0x0000000000000000        0x0 NarsilM.o
 .text._delay_s
                0x0000000000000000        0x6 NarsilM.o
 .text.pgm_rand
                0x0000000000000000       0x1a NarsilM.o
 .data.offset.1730
                0x0000000000000000        0x2 NarsilM.o
 .avr.prop      0x0000000000000000       0x16 NarsilM.o
 .text          0x0000000000000000        0x0 /usr/lib/gcc/avr/7.2.0/avr25/libgcc.a(_udivmodqi4.o)
 .data          0x0000000000000000        0x0 /usr/lib/gcc/avr/7.2.0/avr25/libgcc.a(_udivmodqi4.o)
 .bss           0x0000000000000000        0x0 /usr/lib/gcc/avr/7.2.0/avr25/libgcc.a(_udivmodqi4.o)
 .text.libgcc.mul
                0x0000000000000000        0x0 /usr/lib/gcc/avr/7.2.0/avr25/libgcc.a(_udivmodqi4.o)
 .text.libgcc   0x0000000000000000        0x0 /usr/lib/gcc/avr/7.2.0/avr25/libgcc.a(_udivmodqi4.o)
 .text.libgcc.prologue
                0x0000000000000000        0x0 /usr/lib/gcc/avr/7.2.0/avr25/libgcc.a(_udivmodqi4.o)
 .text.libgcc.builtins
                0x0000000000000000        0x0 /usr/lib/gcc/avr/7.2.0/avr25/libgcc.a(_udivmodqi4.o)
 .text.libgcc.fmul
                0x0000000000000000        0x0 /usr/lib/gcc/avr/7.2.0/avr25/libgcc.a(_udivmodqi4.o)
 .text.libgcc.fixed
                0x0000000000000000        0x0 /usr/lib/gcc/avr/7.2.0/avr25/libgcc.a(_udivmodqi4.o)
 .text          0x0000000000000000        0x0 /usr/lib/gcc/avr/7.2.0/avr25/libgcc.a(_udivmodhi4.o)
 .data          0x0000000000000000        0x0 /usr/lib/gcc/avr/7.2.0/avr25/libgcc.a(_udivmodhi4.o)
 .bss           0x0000000000000000        0x0 /usr/lib/gcc/avr/7.2.0/avr25/libgcc.a(_udivmodhi4.o)
 .text.libgcc.mul
                0x0000000000000000        0x0 /usr/lib/gcc/avr/7.2.0/avr25/libgcc.a(_udivmodhi4.o)
 .text.libgcc   0x0000000000000000        0x0 /usr/lib/gcc/avr/7.2.0/avr25/libgcc.a(_udivmodhi4.o)
 .text.libgcc.prologue
                0x0000000000000000        0x0 /usr/lib/gcc/avr/7.2.0/avr25/libgcc.a(_udivmodhi4.o)
 .text.libgcc.builtins
                0x0000000000000000        0x0 /usr/lib/gcc/avr/7.2.0/avr25/libgcc.a(_udivmodhi4.o)
 .text.libgcc.fmul
                0x0000000000000000        0x0 /usr/lib/gcc/avr/7.2.0/avr25/libgcc.a(_udivmodhi4.o)
 .text.libgcc.fixed
                0x0000000000000000        0x0 /usr/lib/gcc/avr/7.2.0/avr25/libgcc.a(_udivmodhi4.o)
 .text          0x0000000000000000        0x0 /usr/lib/gcc/avr/7.2.0/avr25/libgcc.a(_divmodhi4.o)
 .data          0x0000000000000000        0x0 /usr/lib/gcc/avr/7.2.0/avr25/libgcc.a(_divmodhi4.o)
 .bss           0x0000000000000000        0x0 /usr/lib/gcc/avr/7.2.0/avr25/libgcc.a(_divmodhi4.o)
 .text.libgcc.mul
                0x0000000000000000        0x0 /usr/lib/gcc/avr/7.2.0/avr25/libgcc.a(_divmodhi4.o)
 .text.libgcc   0x0000000000000000        0x0 /usr/lib/gcc/avr/7.2.0/avr25/libgcc.a(_divmodhi4.o)
 .text.libgcc.prologue
                0x0000000000000000        0x0 /usr/lib/gcc/avr/7.2.0/avr25/libgcc.a(_divmodhi4.o)
 .text.libgcc.builtins
                0x0000000000000000        0x0 /usr/lib/gcc/avr/7.2.0/avr25/libgcc.a(_divmodhi4.o)
 .text.libgcc.fmul
                0x0000000000000000        0x0 /usr/lib/gcc/avr/7.2.0/avr25/libgcc.a(_divmodhi4.o)
 .text.libgcc.fixed
                0x0000000000000000        0x0 /usr/lib/gcc/avr/7.2.0/avr25/libgcc.a(_divmodhi4.o)
 .text          0x0000000000000000        0x0 /usr/lib/gcc/avr/7.2.0/avr25/libgcc.a(_exit.o)
 .data          0x0000000000000000        0x0 /usr/lib/gcc/avr/7.2.0/avr25/libgcc.a(_exit.o)
 .bss           0x0000000000000000        0x0 /usr/lib/gcc/avr/7.2.0/avr25/libgcc.a(_exit.o)
 .text.libgcc.mul
                0x0000000000000000        0x0 /usr/lib/gcc/avr/7.2.0/avr25/libgcc.a(_exit.o)
 .text.libgcc.div
                0x0000000000000000        0x0 /usr/lib/gcc/avr/7.2.0/avr25/libgcc.a(_exit.o)
 .text.libgcc   0x0000000000000000        0x0 /usr/lib/gcc/avr/7.2.0/avr25/libgcc.a(_exit.o)
 .text.libgcc.prologue
                0x0000000000000000        0x0 /usr/lib/gcc/avr/7.2.0/avr25/libgcc.a(_exit.o)
 .text.libgcc.builtins
                0x0000000000000000        0x0 /usr/lib/gcc/avr/7.2.0/avr25/libgcc.a(_exit.o)
 .text.libgcc.fmul
                0x0000000000000000        0x0 /usr/lib/gcc/avr/7.2.0/avr25/libgcc.a(_exit.o)
 .text.libgcc.fixed
                0x0000000000000000        0x0 /usr/lib/gcc/avr/7.2.0/avr25/libgcc.a(_exit.o)
 .text          0x0000000000000000        0x0 /usr/lib/gcc/avr/7.2.0/avr25/libgcc.a(_copy_data.o)
 .data          0x0000000000000000        0x0 /usr/lib/gcc/avr/7.2.0/avr25/libgcc.a(_copy_data.o)
 .bss           0x0000000000000000        0x0 /usr/lib/gcc/avr/7.2.0/avr25/libgcc.a(_copy_data.o)
 .text.libgcc.mul
                0x0000000000000000        0x0 /usr/lib/gcc/avr/7.2.0/avr25/libgcc.a(_copy_data.o)
 .text.libgcc.div
                0x0000000000000000        0x0 /usr/lib/gcc/avr/7.2.0/avr25/libgcc.a(_copy_data.o)
 .text.libgcc   0x0000000000000000        0x0 /usr/lib/gcc/avr/7.2.0/avr25/libgcc.a(_copy_data.o)
 .text.libgcc.prologue
                0x0000000000000000        0x0 /usr/lib/gcc/avr/7.2.0/avr25/libgcc.a(_copy_data.o)
 .text.libgcc.builtins
                0x0000000000000000        0x0 /usr/lib/gcc/avr/7.2.0/avr25/libgcc.a(_copy_data.o)
 .text.libgcc.fmul
                0x0000000000000000        0x0 /usr/lib/gcc/avr/7.2.0/avr25/libgcc.a(_copy_data.o)
 .text.libgcc.fixed
                0x0000000000000000        0x0 /usr/lib/gcc/avr/7.2.0/avr25/libgcc.a(_copy_data.o)
 .text          0x0000000000000000        0x0 /usr/lib/gcc/avr/7.2.0/avr25/libgcc.a(_clear_bss.o)
 .data          0x0000000000000000        0x0 /usr/lib/gcc/avr/7.2.0/avr25/libgcc.a(_clear_bss.o)
 .bss           0x0000000000000000        0x0 /usr/lib/gcc/avr/7.2.0/avr25/libgcc.a(_clear_bss.o)
 .text.libgcc.mul
                0x0000000000000000        0x0 /usr/lib/gcc/avr/7.2.0/avr25/libgcc.a(_clear_bss.o)
 .text.libgcc.div
                0x0000000000000000        0x0 /usr/lib/gcc/avr/7.2.0/avr25/libgcc.a(_clear_bss.o)
 .text.libgcc   0x0000000000000000        0x0 /usr/lib/gcc/avr/7.2.0/avr25/libgcc.a(_clear_bss.o)
 .text.libgcc.prologue
                0x0000000000000000        0x0 /usr/lib/gcc/avr/7.2.0/avr25/libgcc.a(_clear_bss.o)
 .text.libgcc.builtins
                0x0000000000000000        0x0 /usr/lib/gcc/avr/7.2.0/avr25/libgcc.a(_clear_bss.o)
 .text.libgcc.fmul
                0x0000000000000000        0x0 /usr/lib/gcc/avr/7.2.0/avr25/libgcc.a(_clear_bss.o)
 .text.libgcc.fixed
                0x0000000000000000        0x0 /usr/lib/gcc/avr/7.2.0/avr25/libgcc.a(_clear_bss.o)
 .text          0x0000000000000000        0x0 /usr/lib/gcc/avr/7.2.0/../../../../avr/lib/avr25/libattiny85.a(eerd_byte.o)
 .data          0x0000000000000000        0x0 /usr/lib/gcc/avr/7.2.0/../../../../avr/lib/avr25/libattiny85.a(eerd_byte.o)
 .bss           0x0000000000000000        0x0 /usr/lib/gcc/avr/7.2.0/../../../../avr/lib/avr25/libattiny85.a(eerd_byte.o)

Memory Configuration

Name             Origin             Length             Attributes
text             0x0000000000000000 0x0000000000002000 xr
data             0x0000000000800060 0x000000000000ffa0 rw !x
eeprom           0x0000000000810000 0x0000000000010000 rw !x
fuse             0x0000000000820000 0x0000000000000400 rw !x
lock             0x0000000000830000 0x0000000000000400 rw !x
signature        0x0000000000840000 0x0000000000000400 rw !x
user_signatures  0x0000000000850000 0x0000000000000400 rw !x
*default*        0x0000000000000000 0xffffffffffffffff

Linker script and memory map

LOAD /usr/lib/gcc/avr/7.2.0/../../../../avr/lib/avr25/crtattiny85.o
LOAD NarsilM.o
START GROUP
LOAD /usr/lib/gcc/avr/7.2.0/../../../../avr/lib/avr25/libm.a
END GROUP
START GROUP
LOAD /usr/lib/gcc/avr/7.2.0/avr25/libgcc.a
LOAD /usr/lib/gcc/avr/7.2.0/../../../../avr/lib/avr25/libm.a
LOAD /usr/lib/gcc/avr/7.2.0/../../../../avr/lib/avr25/libc.a
LOAD /usr/lib/gcc/avr/7.2.0/../../../../avr/lib/avr25/libattiny85.a
END GROUP
                0x0000000000002000                __TEXT_REGION_LENGTH__ = DEFINED (__TEXT_REGION_LENGTH__)?__TEXT_REGION_LENGTH__:0x2000
                0x000000000000ffa0                __DATA_REGION_LENGTH__ = DEFINED (__DATA_REGION_LENGTH__)?__DATA_REGION_LENGTH__:0xffa0
                0x0000000000010000                __EEPROM_REGION_LENGTH__ = DEFINED (__EEPROM_REGION_LENGTH__)?__EEPROM_REGION_LENGTH__:0x10000
                0x0000000000000400                __FUSE_REGION_LENGTH__ = DEFINED (__FUSE_REGION_LENGTH__)?__FUSE_REGION_LENGTH__:0x400
                0x0000000000000400                __LOCK_REGION_LENGTH__ = DEFINED (__LOCK_REGION_LENGTH__)?__LOCK_REGION_LENGTH__:0x400
                0x0000000000000400                __SIGNATURE_REGION_LENGTH__ = DEFINED (__SIGNATURE_REGION_LENGTH__)?__SIGNATURE_REGION_LENGTH__:0x400
                0x0000000000000400                __USER_SIGNATURE_REGION_LENGTH__ = DEFINED (__USER_SIGNATURE_REGION_LENGTH__)?__USER_SIGNATURE_REGION_LENGTH__:0x400

.hash
 *(.hash)

.dynsym
 *(.dynsym)

.dynstr
 *(.dynstr)

.gnu.version
 *(.gnu.version)

.gnu.version_d
 *(.gnu.version_d)

.gnu.version_r
 *(.gnu.version_r)

.rel.init
 *(.rel.init)

.rela.init
 *(.rela.init)

.rel.text
 *(.rel.text)
 *(.rel.text.*)
 *(.rel.gnu.linkonce.t*)

.rela.text
 *(.rela.text)
 *(.rela.text.*)
 *(.rela.gnu.linkonce.t*)

.rel.fini
 *(.rel.fini)

.rela.fini
 *(.rela.fini)

.rel.rodata
 *(.rel.rodata)
 *(.rel.rodata.*)
 *(.rel.gnu.linkonce.r*)

.rela.rodata
 *(.rela.rodata)
 *(.rela.rodata.*)
 *(.rela.gnu.linkonce.r*)

.rel.data
 *(.rel.data)
 *(.rel.data.*)
 *(.rel.gnu.linkonce.d*)

.rela.data
 *(.rela.data)
 *(.rela.data.*)
 *(.rela.gnu.linkonce.d*)

.rel.ctors
 *(.rel.ctors)

.rela.ctors
 *(.rela.ctors)

.rel.dtors
 *(.rel.dtors)

.rela.dtors
 *(.rela.dtors)

.rel.got
 *(.rel.got)

.rela.got
 *(.rela.got)

.rel.bss
 *(.rel.bss)

.rela.bss
 *(.rela.bss)

.rel.plt
 *(.rel.plt)

.rela.plt
 *(.rela.plt)

.text           0x0000000000000000     0x1cd8
 *(.vectors)
 .vectors       0x0000000000000000       0x1e /usr/lib/gcc/avr/7.2.0/../../../../avr/lib/avr25/crtattiny85.o
                0x0000000000000000                __vectors
                0x0000000000000000                __vector_default
 *(.vectors)
 *(.progmem.gcc*)
                0x000000000000001e                . = ALIGN (0x2)
                0x000000000000001e                __trampolines_start = .
 *(.trampolines)
 .trampolines   0x000000000000001e        0x0 linker stubs
 *(.trampolines*)
                0x000000000000001e                __trampolines_end = .
 *libprintf_flt.a:*(.progmem.data)
 *libc.a:*(.progmem.data)
 *(.progmem.*)
 .progmem.data.timedStepdownOutVals
                0x000000000000001e       0x10 NarsilM.o
                0x000000000000001e                timedStepdownOutVals
 .progmem.data.modeSetCnts
                0x000000000000002e        0x8 NarsilM.o
                0x000000000000002e                modeSetCnts
 .progmem.data.modeFetSet8
                0x0000000000000036        0x2 NarsilM.o
                0x0000000000000036                modeFetSet8
 .progmem.data.mode7135sSet8
                0x0000000000000038        0x2 NarsilM.o
                0x0000000000000038                mode7135sSet8
 .progmem.data.mode7135Set8
                0x000000000000003a        0x2 NarsilM.o
                0x000000000000003a                mode7135Set8
 .progmem.data.modeFetSet7
                0x000000000000003c        0x7 NarsilM.o
                0x000000000000003c                modeFetSet7
 .progmem.data.mode7135sSet7
                0x0000000000000043        0x7 NarsilM.o
                0x0000000000000043                mode7135sSet7
 .progmem.data.mode7135Set7
                0x000000000000004a        0x7 NarsilM.o
                0x000000000000004a                mode7135Set7
 .progmem.data.modeFetSet6
                0x0000000000000051        0x6 NarsilM.o
                0x0000000000000051                modeFetSet6
 .progmem.data.mode7135sSet6
                0x0000000000000057        0x6 NarsilM.o
                0x0000000000000057                mode7135sSet6
 .progmem.data.mode7135Set6
                0x000000000000005d        0x6 NarsilM.o
                0x000000000000005d                mode7135Set6
 .progmem.data.modeFetSet5
                0x0000000000000063        0x5 NarsilM.o
                0x0000000000000063                modeFetSet5
 .progmem.data.mode7135sSet5
                0x0000000000000068        0x5 NarsilM.o
                0x0000000000000068                mode7135sSet5
 .progmem.data.mode7135Set5
                0x000000000000006d        0x5 NarsilM.o
                0x000000000000006d                mode7135Set5
 .progmem.data.modeFetSet4
                0x0000000000000072        0x4 NarsilM.o
                0x0000000000000072                modeFetSet4
 .progmem.data.mode7135sSet4
                0x0000000000000076        0x4 NarsilM.o
                0x0000000000000076                mode7135sSet4
 .progmem.data.mode7135Set4
                0x000000000000007a        0x4 NarsilM.o
                0x000000000000007a                mode7135Set4
 .progmem.data.modeFetSet3
                0x000000000000007e        0x3 NarsilM.o
                0x000000000000007e                modeFetSet3
 .progmem.data.mode7135sSet3
                0x0000000000000081        0x3 NarsilM.o
                0x0000000000000081                mode7135sSet3
 .progmem.data.mode7135Set3
                0x0000000000000084        0x3 NarsilM.o
                0x0000000000000084                mode7135Set3
 .progmem.data.modeFetSet2
                0x0000000000000087        0x2 NarsilM.o
                0x0000000000000087                modeFetSet2
 .progmem.data.mode7135sSet2
                0x0000000000000089        0x2 NarsilM.o
                0x0000000000000089                mode7135sSet2
 .progmem.data.mode7135Set2
                0x000000000000008b        0x2 NarsilM.o
                0x000000000000008b                mode7135Set2
 .progmem.data.modeFetSet1
                0x000000000000008d        0x1 NarsilM.o
                0x000000000000008d                modeFetSet1
 .progmem.data.mode7135sSet1
                0x000000000000008e        0x1 NarsilM.o
                0x000000000000008e                mode7135sSet1
 .progmem.data.mode7135Set1
                0x000000000000008f        0x1 NarsilM.o
                0x000000000000008f                mode7135Set1
 .progmem.data.ramp_FET
                0x0000000000000090       0x96 NarsilM.o
                0x0000000000000090                ramp_FET
 .progmem.data.ramp_7135s
                0x0000000000000126       0x96 NarsilM.o
                0x0000000000000126                ramp_7135s
 .progmem.data.ramp_7135
                0x00000000000001bc       0x96 NarsilM.o
                0x00000000000001bc                ramp_7135
                0x0000000000000252                . = ALIGN (0x2)
 *(.lowtext)
 *(.lowtext*)
                0x0000000000000252                __ctors_start = .
 *(.ctors)
                0x0000000000000252                __ctors_end = .
                0x0000000000000252                __dtors_start = .
 *(.dtors)
                0x0000000000000252                __dtors_end = .
 SORT(*)(.ctors)
 SORT(*)(.dtors)
 *(.init0)
 .init0         0x0000000000000252        0x0 /usr/lib/gcc/avr/7.2.0/../../../../avr/lib/avr25/crtattiny85.o
                0x0000000000000252                __init
 *(.init0)
 *(.init1)
 *(.init1)
 *(.init2)
 .init2         0x0000000000000252        0xc /usr/lib/gcc/avr/7.2.0/../../../../avr/lib/avr25/crtattiny85.o
 *(.init2)
 *(.init3)
 *(.init3)
 *(.init4)
 .init4         0x000000000000025e       0x16 /usr/lib/gcc/avr/7.2.0/avr25/libgcc.a(_copy_data.o)
                0x000000000000025e                __do_copy_data
 .init4         0x0000000000000274       0x10 /usr/lib/gcc/avr/7.2.0/avr25/libgcc.a(_clear_bss.o)
                0x0000000000000274                __do_clear_bss
 *(.init4)
 *(.init5)
 *(.init5)
 *(.init6)
 *(.init6)
 *(.init7)
 *(.init7)
 *(.init8)
 *(.init8)
 *(.init9)
 .init9         0x0000000000000284        0x4 /usr/lib/gcc/avr/7.2.0/../../../../avr/lib/avr25/crtattiny85.o
 *(.init9)
 *(.text)
 .text          0x0000000000000288        0x2 /usr/lib/gcc/avr/7.2.0/../../../../avr/lib/avr25/crtattiny85.o
                0x0000000000000288                __vector_1
                0x0000000000000288                __bad_interrupt
                0x0000000000000288                __vector_6
                0x0000000000000288                __vector_3
                0x0000000000000288                __vector_11
                0x0000000000000288                __vector_13
                0x0000000000000288                __vector_7
                0x0000000000000288                __vector_5
                0x0000000000000288                __vector_4
                0x0000000000000288                __vector_9
                0x0000000000000288                __vector_14
                0x0000000000000288                __vector_10
                0x000000000000028a                . = ALIGN (0x2)
 *(.text.*)
 .text.SetLevel.part.0
                0x000000000000028a        0x8 NarsilM.o
 .text._delay_ms
                0x0000000000000292       0x12 NarsilM.o
                0x0000000000000292                _delay_ms
 .text.DefineModeSet
                0x00000000000002a4       0xd0 NarsilM.o
                0x00000000000002a4                DefineModeSet
 .text.SetLevel
                0x0000000000000374       0x2a NarsilM.o
                0x0000000000000374                SetLevel
 .text.SetMode  0x000000000000039e       0x3a NarsilM.o
                0x000000000000039e                SetMode
 .text.SetConfigDefaults
                0x00000000000003d8       0x34 NarsilM.o
                0x00000000000003d8                SetConfigDefaults
 .text.Strobe   0x000000000000040c       0x16 NarsilM.o
                0x000000000000040c                Strobe
 .text.EnterSpecialModes
                0x0000000000000422       0x18 NarsilM.o
                0x0000000000000422                EnterSpecialModes
 .text.ExitSpecialModes
                0x000000000000043a       0x24 NarsilM.o
                0x000000000000043a                ExitSpecialModes
 .text.Blink    0x000000000000045e       0x46 NarsilM.o
                0x000000000000045e                Blink
 .text.NumBlink
                0x00000000000004a4       0x58 NarsilM.o
                0x00000000000004a4                NumBlink
 .text.BlinkOutNumber
                0x00000000000004fc       0x42 NarsilM.o
                0x00000000000004fc                BlinkOutNumber
 .text.BlinkLVP
                0x000000000000053e       0x60 NarsilM.o
                0x000000000000053e                BlinkLVP
 .text.ConfigBlink
                0x000000000000059e       0x22 NarsilM.o
                0x000000000000059e                ConfigBlink
 .text.IsPressed
                0x00000000000005c0       0x32 NarsilM.o
                0x00000000000005c0                IsPressed
 .text.NextMode
                0x00000000000005f2       0x28 NarsilM.o
                0x00000000000005f2                NextMode
 .text.PrevMode
                0x000000000000061a       0x22 NarsilM.o
                0x000000000000061a                PrevMode
 .text.PCINT_on
                0x000000000000063c        0x8 NarsilM.o
                0x000000000000063c                PCINT_on
 .text.PCINT_off
                0x0000000000000644        0x8 NarsilM.o
                0x0000000000000644                PCINT_off
 .text.__vector_2
                0x000000000000064c        0x2 NarsilM.o
                0x000000000000064c                __vector_2
 .text.WDT_on   0x000000000000064e       0x12 NarsilM.o
                0x000000000000064e                WDT_on
 .text.WDT_off  0x0000000000000660       0x16 NarsilM.o
                0x0000000000000660                WDT_off
 .text.ADC_on   0x0000000000000676        0xc NarsilM.o
                0x0000000000000676                ADC_on
 .text.ADC_off  0x0000000000000682        0x4 NarsilM.o
                0x0000000000000682                ADC_off
 .text.SleepUntilSwitchPress
                0x0000000000000686       0x4a NarsilM.o
                0x0000000000000686                SleepUntilSwitchPress
 .text.LoadConfig
                0x00000000000006d0       0xfa NarsilM.o
                0x00000000000006d0                LoadConfig
 .text.WrEEPROM
                0x00000000000007ca       0x12 NarsilM.o
                0x00000000000007ca                WrEEPROM
 .text.SaveConfig
                0x00000000000007dc      0x10e NarsilM.o
                0x00000000000007dc                SaveConfig
 .text.__vector_8
                0x00000000000008ea       0xea NarsilM.o
                0x00000000000008ea                __vector_8
 .text.__vector_12
                0x00000000000009d4      0xa0c NarsilM.o
                0x00000000000009d4                __vector_12
 .text.startup.main
                0x00000000000013e0      0x87e NarsilM.o
                0x00000000000013e0                main
 .text.libgcc.div
                0x0000000000001c5e       0x18 /usr/lib/gcc/avr/7.2.0/avr25/libgcc.a(_udivmodqi4.o)
                0x0000000000001c5e                __udivmodqi4
 .text.libgcc.div
                0x0000000000001c76       0x28 /usr/lib/gcc/avr/7.2.0/avr25/libgcc.a(_udivmodhi4.o)
                0x0000000000001c76                __udivmodhi4
 .text.libgcc.div
                0x0000000000001c9e       0x26 /usr/lib/gcc/avr/7.2.0/avr25/libgcc.a(_divmodhi4.o)
                0x0000000000001c9e                __divmodhi4
                0x0000000000001c9e                _div
 .text.avr-libc
                0x0000000000001cc4       0x10 /usr/lib/gcc/avr/7.2.0/../../../../avr/lib/avr25/libattiny85.a(eerd_byte.o)
                0x0000000000001cc4                eeprom_read_byte
                0x0000000000001cd4                . = ALIGN (0x2)
 *(.fini9)
 .fini9         0x0000000000001cd4        0x0 /usr/lib/gcc/avr/7.2.0/avr25/libgcc.a(_exit.o)
                0x0000000000001cd4                exit
                0x0000000000001cd4                _exit
 *(.fini9)
 *(.fini8)
 *(.fini8)
 *(.fini7)
 *(.fini7)
 *(.fini6)
 *(.fini6)
 *(.fini5)
 *(.fini5)
 *(.fini4)
 *(.fini4)
 *(.fini3)
 *(.fini3)
 *(.fini2)
 *(.fini2)
 *(.fini1)
 *(.fini1)
 *(.fini0)
 .fini0         0x0000000000001cd4        0x4 /usr/lib/gcc/avr/7.2.0/avr25/libgcc.a(_exit.o)
 *(.fini0)
 *(.hightext)
 *(.hightext*)
 *(.progmemx.*)
                0x0000000000001cd8                . = ALIGN (0x2)
 *(.jumptables)
 *(.jumptables*)
                0x0000000000001cd8                _etext = .

.data           0x0000000000800060       0x3a load address 0x0000000000001cd8
                0x0000000000800060                PROVIDE (__data_start, .)
 *(.data)
 *(.data*)
 .data.adc_ticks.1985
                0x0000000000800060        0x2 NarsilM.o
 .data.byStepdownTemp
                0x0000000000800062        0x1 NarsilM.o
                0x0000000000800062                byStepdownTemp
 .data.specialModesCnt
                0x0000000000800063        0x1 NarsilM.o
                0x0000000000800063                specialModesCnt
 .data.modeTableFet
                0x0000000000800064       0x10 NarsilM.o
                0x0000000000800064                modeTableFet
 .data.modeTable7135s
                0x0000000000800074       0x10 NarsilM.o
                0x0000000000800074                modeTable7135s
 .data.modeTable7135
                0x0000000000800084       0x10 NarsilM.o
                0x0000000000800084                modeTable7135
 *(.gnu.linkonce.d*)
 *(.rodata)
 *(.rodata*)
 .rodata.specialModes
                0x0000000000800094        0x5 NarsilM.o
                0x0000000000800094                specialModes
 *(.gnu.linkonce.r*)
                0x000000000080009a                . = ALIGN (0x2)
 *fill*         0x0000000000800099        0x1 
                0x000000000080009a                _edata = .
                0x000000000080009a                PROVIDE (__data_end, .)

.bss            0x000000000080009a       0x65
                0x000000000080009a                PROVIDE (__bss_start, .)
 *(.bss)
 *(.bss*)
 .bss.byInitADCTimer.1984
                0x000000000080009a        0x1 NarsilM.o
 .bss.wLowBattBlinkTicks.1983
                0x000000000080009b        0x2 NarsilM.o
 .bss.lowbatt_cnt.1986
                0x000000000080009d        0x1 NarsilM.o
 .bss.initialLevelForClicks.1981
                0x000000000080009e        0x1 NarsilM.o
 .bss.byModeForClicks.1980
                0x000000000080009f        0x1 NarsilM.o
 .bss.wStepdownTicks.1979
                0x00000000008000a0        0x2 NarsilM.o
 .bss.turboRestoreLevel.1982
                0x00000000008000a2        0x1 NarsilM.o
 .bss.pressed.1911
                0x00000000008000a3        0x1 NarsilM.o
 .bss.buffer.1912
                0x00000000008000a4        0x1 NarsilM.o
 .bss.eepos     0x00000000008000a5        0x2 NarsilM.o
                0x00000000008000a5                eepos
 .bss.byBlinkActiveChan
                0x00000000008000a7        0x1 NarsilM.o
                0x00000000008000a7                byBlinkActiveChan
 .bss.wThermalTicks
                0x00000000008000a8        0x2 NarsilM.o
                0x00000000008000a8                wThermalTicks
 .bss.adc_step  0x00000000008000aa        0x1 NarsilM.o
                0x00000000008000aa                adc_step
 .bss.byTempReading
                0x00000000008000ab        0x1 NarsilM.o
                0x00000000008000ab                byTempReading
 .bss.byVoltage
                0x00000000008000ac        0x1 NarsilM.o
                0x00000000008000ac                byVoltage
 .bss.LowBattBlinkSignal
                0x00000000008000ad        0x1 NarsilM.o
                0x00000000008000ad                LowBattBlinkSignal
 .bss.LowBattState
                0x00000000008000ae        0x1 NarsilM.o
                0x00000000008000ae                LowBattState
 .bss.LowBattSignal
                0x00000000008000af        0x1 NarsilM.o
                0x00000000008000af                LowBattSignal
 .bss.holdHandled
                0x00000000008000b0        0x1 NarsilM.o
                0x00000000008000b0                holdHandled
 .bss.wTimedStepdownTickLimit
                0x00000000008000b1        0x2 NarsilM.o
                0x00000000008000b1                wTimedStepdownTickLimit
 .bss.wIdleTicks
                0x00000000008000b3        0x2 NarsilM.o
                0x00000000008000b3                wIdleTicks
 .bss.modeMemoryLastModeIdx
                0x00000000008000b5        0x1 NarsilM.o
                0x00000000008000b5                modeMemoryLastModeIdx
 .bss.fastClicks
                0x00000000008000b6        0x1 NarsilM.o
                0x00000000008000b6                fastClicks
 .bss.wPressDuration
                0x00000000008000b7        0x2 NarsilM.o
                0x00000000008000b7                wPressDuration
 .bss.prevRamping
                0x00000000008000b9        0x1 NarsilM.o
                0x00000000008000b9                prevRamping
 .bss.prevModeIdx
                0x00000000008000ba        0x1 NarsilM.o
                0x00000000008000ba                prevModeIdx
 .bss.modeIdx   0x00000000008000bb        0x1 NarsilM.o
                0x00000000008000bb                modeIdx
 .bss.configIdleTime
                0x00000000008000bc        0x1 NarsilM.o
                0x00000000008000bc                configIdleTime
 .bss.configClicks
                0x00000000008000bd        0x1 NarsilM.o
                0x00000000008000bd                configClicks
 .bss.prevConfigMode
                0x00000000008000be        0x1 NarsilM.o
                0x00000000008000be                prevConfigMode
 .bss.ConfigMode
                0x00000000008000bf        0x1 NarsilM.o
                0x00000000008000bf                ConfigMode
 .bss.byLockOutSet
                0x00000000008000c0        0x1 NarsilM.o
                0x00000000008000c0                byLockOutSet
 .bss.byDelayRamping
                0x00000000008000c1        0x1 NarsilM.o
                0x00000000008000c1                byDelayRamping
 .bss.savedLevel
                0x00000000008000c2        0x1 NarsilM.o
                0x00000000008000c2                savedLevel
 .bss.dontToggleDir
                0x00000000008000c3        0x1 NarsilM.o
                0x00000000008000c3                dontToggleDir
 .bss.rampLastDirState
                0x00000000008000c4        0x1 NarsilM.o
                0x00000000008000c4                rampLastDirState
 .bss.rampState
                0x00000000008000c5        0x1 NarsilM.o
                0x00000000008000c5                rampState
 .bss.rampingLevel
                0x00000000008000c6        0x1 NarsilM.o
                0x00000000008000c6                rampingLevel
 .bss.momentaryState
                0x00000000008000c7        0x1 NarsilM.o
                0x00000000008000c7                momentaryState
 .bss.OffTimeEnable
                0x00000000008000c8        0x1 NarsilM.o
                0x00000000008000c8                OffTimeEnable
 *(COMMON)
 COMMON         0x00000000008000c9       0x36 NarsilM.o
                0x00000000008000c9                config2
                0x00000000008000ca                currOutLvl2
                0x00000000008000cb                stepdownMode
                0x00000000008000cc                highToLow
                0x00000000008000cd                ramping
                0x00000000008000ce                byFETModes
                0x00000000008000d8                by7135Modes
                0x00000000008000e2                modesCnt
                0x00000000008000e3                bvldLedOnly
                0x00000000008000e4                currOutLvl1
                0x00000000008000e5                outLevel
                0x00000000008000e6                blinkyMode
                0x00000000008000e7                rampPauseCntDn
                0x00000000008000e8                by7135sModes
                0x00000000008000f2                locatorLed
                0x00000000008000f3                last_modeIdx
                0x00000000008000f4                config3
                0x00000000008000f5                byStartupDelayTime
                0x00000000008000f6                onboardLedEnable
                0x00000000008000f7                modeSetIdx
                0x00000000008000f8                config1
                0x00000000008000f9                locatorLedOn
                0x00000000008000fa                modeMemoryEnabled
                0x00000000008000fb                moonlightLevel
                0x00000000008000fc                moonLightEnable
                0x00000000008000fd                currOutLvl3
                0x00000000008000fe                specModeIdx
                0x00000000008000ff                PROVIDE (__bss_end, .)
                0x0000000000001cd8                __data_load_start = LOADADDR (.data)
                0x0000000000001d12                __data_load_end = (__data_load_start + SIZEOF (.data))

.noinit         0x00000000008000ff        0x1
                [!provide]                        PROVIDE (__noinit_start, .)
 *(.noinit*)
 .noinit        0x00000000008000ff        0x1 NarsilM.o
                0x00000000008000ff                noinit_decay
                [!provide]                        PROVIDE (__noinit_end, .)
                0x0000000000800100                _end = .
                [!provide]                        PROVIDE (__heap_start, .)

.eeprom         0x0000000000810000        0x0
 *(.eeprom*)
                0x0000000000810000                __eeprom_end = .

.fuse
 *(.fuse)
 *(.lfuse)
 *(.hfuse)
 *(.efuse)

.lock
 *(.lock*)

.signature
 *(.signature*)

.stab           0x0000000000000000     0x3fcc
 *(.stab)
 .stab          0x0000000000000000     0x3fcc NarsilM.o
                                       0x40a4 (size before relaxing)

.stabstr        0x0000000000000000     0x1b03
 *(.stabstr)
 .stabstr       0x0000000000000000     0x1b03 NarsilM.o

.stab.excl
 *(.stab.excl)

.stab.exclstr
 *(.stab.exclstr)

.stab.index
 *(.stab.index)

.stab.indexstr
 *(.stab.indexstr)

.comment        0x0000000000000000       0x11
 *(.comment)
 .comment       0x0000000000000000       0x11 NarsilM.o
                                         0x12 (size before relaxing)

.note.gnu.avr.deviceinfo
                0x0000000000000000       0x3c
 .note.gnu.avr.deviceinfo
                0x0000000000000000       0x3c /usr/lib/gcc/avr/7.2.0/../../../../avr/lib/avr25/crtattiny85.o

.note.gnu.build-id
 *(.note.gnu.build-id)

.debug
 *(.debug)

.line
 *(.line)

.debug_srcinfo
 *(.debug_srcinfo)

.debug_sfnames
 *(.debug_sfnames)

.debug_aranges
 *(.debug_aranges)

.debug_pubnames
 *(.debug_pubnames)

.debug_info     0x0000000000000000      0x420
 *(.debug_info .gnu.linkonce.wi.*)
 .debug_info    0x0000000000000000      0x420 /usr/lib/gcc/avr/7.2.0/../../../../avr/lib/avr25/crtattiny85.o

.debug_abbrev   0x0000000000000000      0x3e8
 *(.debug_abbrev)
 .debug_abbrev  0x0000000000000000      0x3e8 /usr/lib/gcc/avr/7.2.0/../../../../avr/lib/avr25/crtattiny85.o

.debug_line     0x0000000000000000       0x1d
 *(.debug_line .debug_line.* .debug_line_end)
 .debug_line    0x0000000000000000       0x1d /usr/lib/gcc/avr/7.2.0/../../../../avr/lib/avr25/crtattiny85.o

.debug_frame
 *(.debug_frame)

.debug_str      0x0000000000000000      0x169
 *(.debug_str)
 .debug_str     0x0000000000000000      0x169 /usr/lib/gcc/avr/7.2.0/../../../../avr/lib/avr25/crtattiny85.o

.debug_loc
 *(.debug_loc)

.debug_macinfo
 *(.debug_macinfo)

.debug_weaknames
 *(.debug_weaknames)

.debug_funcnames
 *(.debug_funcnames)

.debug_typenames
 *(.debug_typenames)

.debug_varnames
 *(.debug_varnames)

.debug_pubtypes
 *(.debug_pubtypes)

.debug_ranges
 *(.debug_ranges)

.debug_macro
 *(.debug_macro)

.debug_addr
 *(.debug_addr)
OUTPUT(NarsilM.elf elf32-avr)
LOAD linker stubs
